// Jest Snapshot v1, https://goo.gl/fbAQLP

exports[`Default cases const url = 'https://example.com' 1`] = `"const url = atob("aHR0cHM6Ly9leGFtcGxlLmNvbQ==");"`;

exports[`Default cases const urlObj = {a: 'https://example.com'} 1`] = `
"const urlObj = {
  a: atob("aHR0cHM6Ly9leGFtcGxlLmNvbQ==")
};"
`;
